# serializer version: 1
# name: test_diagnostics
  dict({
    'connected': True,
    'entry': dict({
      'host': '127.0.0.127',
      'mac': '**REDACTED**',
      'password': '**REDACTED**',
      'use_modbus': True,
    }),
    'error_history': list([
      dict({
        'details': dict({
          'err_rl': '24',
        }),
        'index': 0,
        'time': '2025-12-19T08:15:00+01:00',
        'value': 25,
      }),
    ]),
    'lock_history': list([
      dict({
        'details': dict({
        }),
        'index': 0,
        'time': '2025-11-03T15:28:00+01:00',
        'value': 15,
      }),
    ]),
    'modbus_enabled': True,
    'twin_meta': dict({
      'applianceConnectionState': '1',
      'applianceSerial': '**REDACTED**',
      'applianceType': 'WPM',
      'applianceTypeCode': '13040',
      'applianceVersion': 'M3.13',
      'cloudCommDisabled': '0',
      'cloudConnectionState': '1',
      'firmwareVersion': 'A2.1.7-B2.1.7',
      'gatewayBoardModel': 'Carel i.MX6 ULL pCOWeb Board',
      'gatewayMac': '**REDACTED**',
      'gatewayProductCode': 'PCO1GD3WD0',
      'gatewaySerial': '**REDACTED**',
      'gatewayType': 'nwpm2_plugin',
      'internetConnectionState': '0',
      'localIpAddressV4': '**REDACTED**',
      'localIpAddressV6': '**REDACTED**',
      'pluginVersion': '10.0.1',
      'publicIpAddressV4': '**REDACTED**',
      'publicIpAddressV6': '**REDACTED**',
      'wpmBios': '6.66',
      'wpmType': 'pCOoem M Core2',
    }),
    'twin_telemetry': dict({
      '1074i': '60',
      '1301a': '13.6',
      '1500d': '1',
      '530i': '2',
      '714i': '1',
    }),
    'values': dict({
      '1001d': True,
      '1002d': True,
      '1003d': True,
      '1004d': True,
      '1005d': True,
      '1006d': False,
      '1007d': True,
      '1008d': False,
      '1009d': True,
      '1010d': False,
      '1011d': False,
      '1012d': False,
      '1013d': False,
      '1014d': False,
      '1015d': False,
      '1016d': True,
      '1017d': True,
      '1018d': True,
      '1019d': False,
      '1020d': False,
      '1021d': False,
      '1022d': False,
      '1023d': False,
      '1024d': False,
      '1025d': False,
      '1026d': True,
      '1027d': False,
      '1028d': True,
      '1029d': True,
      '1030d': False,
      '1031d': False,
      '1032d': False,
      '1033d': True,
      '1034d': False,
      '1035d': False,
      '1036d': False,
      '1037d': False,
      '1038d': False,
      '1039d': True,
      '1040d': False,
      '1041d': True,
      '1042d': False,
      '1042i': 50,
      '1043d': True,
      '1043i': 5,
      '1044d': False,
      '1044i': 60,
      '1045d': False,
      '1045i': 10,
      '1046d': False,
      '1047d': False,
      '1048d': False,
      '1049d': False,
      '1050d': False,
      '1051d': False,
      '1052d': False,
      '1053d': False,
      '1054d': False,
      '1055d': False,
      '1056d': True,
      '1057d': False,
      '1058d': True,
      '1059d': False,
      '1060d': False,
      '1061d': False,
      '1062d': False,
      '1063d': False,
      '1064d': False,
      '1065d': False,
      '1066d': False,
      '1067d': False,
      '1068d': False,
      '1069d': False,
      '1070d': False,
      '1071d': False,
      '1072d': False,
      '1073d': False,
      '1074d': False,
      '1074i': 60,
      '1075d': False,
      '1076d': True,
      '1077d': False,
      '1078d': False,
      '1079d': False,
      '1080d': False,
      '1081d': False,
      '1082d': True,
      '1099d': True,
      '1100d': True,
      '1101d': False,
      '1102d': False,
      '1103d': False,
      '1104d': False,
      '1105d': False,
      '1106d': True,
      '1108i': 1,
      '1148d': True,
      '1149d': False,
      '1150d': False,
      '1150i': 2,
      '1151d': False,
      '1152d': False,
      '1153d': False,
      '1153i': 28,
      '1154d': False,
      '1155d': False,
      '1155i': 30,
      '1156d': False,
      '1171d': False,
      '1172d': False,
      '1173d': False,
      '1174d': False,
      '1194d': True,
      '1195d': False,
      '1245d': False,
      '1249d': False,
      '1250d': False,
      '1260i': 2,
      '1261i': 0,
      '1280a': 15.0,
      '1284a': 62.5,
      '1285a': 28.5,
      '1286a': 27.0,
      '1287a': 45.2,
      '1288a': 55.0,
      '1289a': 21.3,
      '1290a': 48.0,
      '1291a': 20.8,
      '1292a': 0.0,
      '1293a': 0.0,
      '1294a': 23.8,
      '1295a': 40.1,
      '1296a': 12.5,
      '1297a': 0.0,
      '1298a': 18.0,
      '1299a': 17.5,
      '1300a': 24.0,
      '1300i': 2219,
      '1301a': 13.6,
      '1301i': 3,
      '1302a': 8.4,
      '1302i': 0,
      '1303a': 9.1,
      '1303i': 4279,
      '1304a': 0.0,
      '1304i': 0,
      '1305a': 48.7,
      '1305i': 0,
      '1306i': 123,
      '1307i': 0,
      '1308i': 0,
      '1380i': 3302,
      '1381i': 371,
      '1382i': 22,
      '1383i': 0,
      '1384i': 3480,
      '1385i': 16871,
      '1386i': 184,
      '1387i': 12,
      '1388i': 5,
      '1389i': 0,
      '1390i': 3886,
      '1402d': False,
      '1406d': True,
      '1409d': False,
      '1413d': True,
      '1414d': False,
      '1415d': False,
      '1416d': False,
      '1472i': 576,
      '1473i': 2,
      '1474i': 0,
      '1475i': 9032,
      '1481i': 20,
      '1491i': 13238,
      '1492i': 13162,
      '1493i': 40,
      '1494i': 0,
      '1495i': 36,
      '1496i': 0,
      '1500d': True,
      '1501d': False,
      '1502d': True,
      '1503d': False,
      '1504d': False,
      '1505d': False,
      '1506d': True,
      '1507d': False,
      '1508d': False,
      '1509d': False,
      '1510d': False,
      '1511d': False,
      '1512d': True,
      '1513d': True,
      '1514d': False,
      '1515d': False,
      '1516d': False,
      '1517d': False,
      '1518d': False,
      '1519d': False,
      '1520d': False,
      '1521d': False,
      '1522d': False,
      '1523d': False,
      '1524d': False,
      '1525d': False,
      '1526d': False,
      '1527d': False,
      '1528d': False,
      '1529d': True,
      '1530d': False,
      '1531d': True,
      '1532d': False,
      '1533d': True,
      '1534d': False,
      '1535d': True,
      '1550i': 45,
      '1556i': 1800,
      '1557i': 400,
      '1559i': 1200,
      '1560i': 1150,
      '1564i': 2,
      '1565i': 30,
      '1572i': 1,
      '1573i': 0,
      '1574i': 191,
      '1575i': 240,
      '1578i': 999,
      '1579i': 242,
      '1580i': 1,
      '1581i': 1,
      '1582i': 0,
      '1583i': 0,
      '1584i': 5,
      '1585i': 0,
      '1586i': 1,
      '1587i': 0,
      '1588i': 5,
      '1589i': 0,
      '1592i': 0,
      '1593i': 1,
      '1594i': 500,
      '1595i': 2,
      '1596i': 0,
      '1597i': 250,
      '1604i': 2,
      '1620i': 191,
      '1621i': 240,
      '1622i': 207,
      '1623i': 0,
      '1624i': 207,
      '1627i': 0,
      '1628i': 0,
      '1629i': 200,
      '1630i': 200,
      '1631i': 200,
      '1632i': 213,
      '1633i': 0,
      '1634i': 0,
      '1647i': 6238,
      '1648i': 1,
      '1649i': 0,
      '1660i': 6498,
      '1661i': 3,
      '1662i': 0,
      '1675i': 60,
      '1676i': 2,
      '1677i': 0,
      '1678i': 0,
      '1679i': 0,
      '1680i': 0,
      '1681i': 0,
      '1682i': 0,
      '1683i': 0,
      '1791i': 455,
      '1991i': 38,
      '2662i': 0,
      '2663i': 0,
      '2666i': 1250,
      '2667i': 0,
      '2668i': 350,
      '2670i': 0,
      '3d': False,
      '4865a': 14.9,
      '4866a': 9.3,
      '4d': False,
      '509i': 18,
      '530i': 2,
      '531i': 0,
      '532i': 0,
      '533i': 0,
      '556a': 1.8,
      '564a': 2.0,
      '601a': 4.2,
      '604a': 5.1,
      '629a': 5.0,
      '630a': 19.0,
      '631a': 21.0,
      '632a': 8.0,
      '637a': 24.2,
      '638a': 24.1,
      '683a': 0.0,
      '698d': False,
      '699d': True,
      '700a': 20.0,
      '701a': 2.0,
      '714i': 1,
      '715i': 1,
      '750i': -8,
      '766i': 36,
      '767i': 17,
      '768i': 50,
      '773i': 20,
      '851i': 30,
      '852i': 19,
      '853i': 40,
      '931i': 32,
      '932d': True,
      '932i': 19,
      '933i': 38,
      'coil177': True,
    }),
  })
# ---
